Microchip MPLAB XC8 Compiler V2.40

Linker command line:

-W-3 \
  --edf=C:\Program Files\Microchip\xc8\v2.40\pic\dat\20220703182018_en.msgs \
  -cn -h+.ca/dist/Config_1/production\Door_Keypad.X.production.sym \
  --cmf=.ca/dist/Config_1/production\Door_Keypad.X.production.cmf -z \
  -Q16F877A -oC:\Users\Filippo\AppData\Local\Temp\xcAs11v8.4 \
  --defsym=__MPLAB_BUILD=1 --fixupoverflow=error \
  -M.ca/dist/Config_1/production/Door_Keypad.X.production.map \
  --md=C:\Users\Filippo\AppData\Local\Temp\xcAs11v8.dat -E1 \
  -ver=XC8 Compiler --acfsm=1493 -ACODE=00h-07FFhx4 -ASTRCODE=00h-01FFFh \
  -ASTRING=00h-0FFhx32 -ACONST=00h-0FFhx32 -AENTRY=00h-0FFhx32 \
  -ACOMMON=070h-07Fh -ABANK0=020h-06Fh -ABANK1=0A0h-0EFh \
  -ABANK2=0110h-016Fh -ABANK3=0190h-01EFh \
  -ARAM=020h-06Fh,0A0h-0EFh,0110h-016Fh,0190h-01EFh \
  -AABS1=020h-07Fh,0A0h-0EFh,0110h-016Fh,0190h-01EFh -ASFR0=00h-01Fh \
  -ASFR1=080h-09Fh -ASFR2=0100h-010Fh -ASFR3=0180h-018Fh \
  -ACONFIG=02007h-02007h -DCONFIG=2 -AIDLOC=02000h-02003h -DIDLOC=2 \
  -AEEDATA=00h-0FFh/02100h -peeprom_data=EEDATA -DEEDATA=2 -DCODE=2 \
  -DSTRCODE=2 -DSTRING=2 -DCONST=2 -DENTRY=2 \
  -preset_vec=00h,intentry,init,end_init -ppowerup=CODE -pcinit=CODE \
  -pfunctab=ENTRY -k C:\Users\Filippo\AppData\Local\Temp\xcAs11v8.o \
  .ca/dist/Config_1/production\Door_Keypad.X.production.o 

Object code version is 3.11

Machine type is 16F877A



                Name                               Link     Load   Length Selector   Space Scale
C:\Users\Filippo\AppData\Local\Temp\xcAs11v8.o
                end_init                              0        0        3        0       0
                config                             2007     2007        1        0       4
                idloc                              2000     2000        4        0       5
.ca/dist/Config_1/production\Door_Keypad.X.production.o
                cinit                               7DC      7DC       24      FB8       0
                config                             2007     2007        1        0       4
                idloc                              2000     2000        4        0       5
                text10                              52B      52B        B      A56       0
                text9                               536      536       20      A6C       0
                text8                               6C6      6C6       52      D8C       0
                text7                               59E      59E       29      B3C       0
                text6                               556      556       20      AAC       0
                text5                               576      576       28      AEC       0
                text4                               5C7      5C7       34      B8E       0
                text3                               5FB      5FB       3F      BF6       0
                text2                               67F      67F       47      CFE       0
                text1                               63A      63A       45      C74       0
                maintext                            718      718       C4      E30       0
                cstackBANK0                          20       20       14       20       1
                cstackCOMMON                         70       70        E       70       1
                dataBANK0                            3E       3E        4       20       1
                bssBANK0                             34       34        A       20       1
                strings                               3        3       73        6       0
                idataBANK0                          527      527        4      A4E       0

TOTAL           Name                               Link     Load   Length     Space
        CLASS   CODE           
                end_init                              0        0        3         0
                cinit                               7DC      7DC       24         0
                text10                              52B      52B        B         0
                text9                               536      536       20         0
                text8                               6C6      6C6       52         0
                text7                               59E      59E       29         0
                text6                               556      556       20         0
                text5                               576      576       28         0
                text4                               5C7      5C7       34         0
                text3                               5FB      5FB       3F         0
                text2                               67F      67F       47         0
                text1                               63A      63A       45         0
                maintext                            718      718       C4         0
                idataBANK0                          527      527        4         0

        CLASS   STRCODE        

        CLASS   STRING         
                strings                               3        3       73         0

        CLASS   CONST          

        CLASS   ENTRY          

        CLASS   COMMON         
                cstackCOMMON                         70       70        E         1

        CLASS   BANK0          
                cstackBANK0                          20       20       14         1
                dataBANK0                            3E       3E        4         1
                bssBANK0                             34       34        A         1

        CLASS   BANK1          

        CLASS   BANK2          

        CLASS   BANK3          

        CLASS   RAM            

        CLASS   ABS1           
                abs_s1                               7E       7E        2         1

        CLASS   SFR0           

        CLASS   SFR1           

        CLASS   SFR2           

        CLASS   SFR3           

        CLASS   CONFIG         
                config                             2007     2007        1         4

        CLASS   IDLOC          
                idloc                              2000     2000        4         5

        CLASS   EEDATA         

        CLASS   STACK          



SEGMENTS        Name                           Load    Length   Top    Selector   Space  Class     Delta

                reset_vec                      000000  000003  000003         0       0  CODE        2
                strings                        000003  000073  000076         6       0  STRING      2
                cstackBANK0                    000020  000022  000042        20       1  BANK0       1
                cstackCOMMON                   000070  00000E  00007E        70       1  COMMON      1
                idataBANK0                     000527  000004  00052B       A4E       0  CODE        2
                text10                         00052B  00000B  000536       A56       0  CODE        2
                text9                          000536  000020  000556       A6C       0  CODE        2
                text6                          000556  000020  000576       AAC       0  CODE        2
                text5                          000576  000028  00059E       AEC       0  CODE        2
                text7                          00059E  000029  0005C7       B3C       0  CODE        2
                text4                          0005C7  000034  0005FB       B8E       0  CODE        2
                text3                          0005FB  00003F  00063A       BF6       0  CODE        2
                text1                          00063A  000045  00067F       C74       0  CODE        2
                text2                          00067F  000047  0006C6       CFE       0  CODE        2
                text8                          0006C6  000052  000718       D8C       0  CODE        2
                maintext                       000718  0000C4  0007DC       E30       0  CODE        2
                cinit                          0007DC  000024  000800       FB8       0  CODE        2


UNUSED ADDRESS RANGES

        Name                Unused          Largest block    Delta
        BANK0            0042-006F             2E           1
        BANK1            00A0-00EF             50           1
        BANK2            0110-016F             60           1
        BANK3            0190-01EF             60           1
        CODE             0076-0526            4B1           2
                         0800-1FFF            800
        CONST            0076-0526            100           2
                         0800-1FFF            100
        EEDATA           2100-21FF            100           2
        ENTRY            0076-0526            100           2
                         0800-1FFF            100
        RAM              0042-006F             2E           1
                         00A0-00EF             50
                         0110-016F             60
                         0190-01EF             60
        SFR0             0000-001F             20           1
        SFR1             0080-009F             20           1
        SFR2             0100-010F             10           1
        SFR3             0180-018F             10           1
        STRCODE          0076-0526            4B1           2
                         0800-1FFF           1800
        STRING           0076-0526            100           2
                         0800-1FFF            100

                                  Symbol Table

?___lmul                      cstackCOMMON 0070
?___lwmod                     cstackBANK0  0027
?_rand                        cstackBANK0  0020
_INTCON                       (abs)        000B
_OPTION_REG                   (abs)        0081
_PORTB                        (abs)        0006
_PORTD                        (abs)        0008
_PORTEbits                    (abs)        0009
_TMR0                         (abs)        0001
_TRISB                        (abs)        0086
_TRISD                        (abs)        0088
_TRISE                        (abs)        0089
_TRISEbits                    (abs)        0089
__Habs1                       abs1         0000
__Hbank0                      bank0        0000
__Hbank1                      bank1        0000
__Hbank2                      bank2        0000
__Hbank3                      bank3        0000
__HbssBANK0                   bssBANK0     0000
__Hcinit                      cinit        0800
__Hclrtext                    clrtext      0000
__Hcode                       code         0000
__Hcommon                     common       0000
__Hconfig                     config       2008
__HcstackBANK0                cstackBANK0  0000
__HcstackCOMMON               cstackCOMMON 0000
__HdataBANK0                  dataBANK0    0000
__Heeprom_data                eeprom_data  0000
__Hend_init                   end_init     0003
__Hfunctab                    functab      0000
__HidataBANK0                 idataBANK0   0000
__Hidloc                      idloc        2004
__Hinit                       init         0000
__Hintentry                   intentry     0000
__Hmaintext                   maintext     0000
__Hpowerup                    powerup      0000
__Hram                        ram          0000
__Hreset_vec                  reset_vec    0000
__Hsfr0                       sfr0         0000
__Hsfr1                       sfr1         0000
__Hsfr2                       sfr2         0000
__Hsfr3                       sfr3         0000
__Hspace_0                    (abs)        0800
__Hspace_1                    (abs)        007E
__Hspace_2                    (abs)        0000
__Hspace_3                    (abs)        0000
__Hspace_4                    (abs)        400F
__Hstack                      stack        0000
__Hstrings                    strings      0000
__Htext                       text         0000
__Labs1                       abs1         0000
__Lbank0                      bank0        0000
__Lbank1                      bank1        0000
__Lbank2                      bank2        0000
__Lbank3                      bank3        0000
__LbssBANK0                   bssBANK0     0000
__Lcinit                      cinit        07DC
__Lclrtext                    clrtext      0000
__Lcode                       code         0000
__Lcommon                     common       0000
__Lconfig                     config       0000
__LcstackBANK0                cstackBANK0  0000
__LcstackCOMMON               cstackCOMMON 0000
__LdataBANK0                  dataBANK0    0000
__Leeprom_data                eeprom_data  0000
__Lend_init                   end_init     0000
__Lfunctab                    functab      0000
__LidataBANK0                 idataBANK0   0000
__Lidloc                      idloc        0000
__Linit                       init         0000
__Lintentry                   intentry     0000
__Lmaintext                   maintext     0000
__Lpowerup                    powerup      0000
__Lram                        ram          0000
__Lreset_vec                  reset_vec    0000
__Lsfr0                       sfr0         0000
__Lsfr1                       sfr1         0000
__Lsfr2                       sfr2         0000
__Lsfr3                       sfr3         0000
__Lspace_0                    (abs)        0000
__Lspace_1                    (abs)        0000
__Lspace_2                    (abs)        0000
__Lspace_3                    (abs)        0000
__Lspace_4                    (abs)        0000
__Lstack                      stack        0000
__Lstrings                    strings      0000
__Ltext                       text         0000
__S0                          (abs)        0800
__S1                          (abs)        007E
__S3                          (abs)        0000
___int_sp                     stack        0000
___latbits                    (abs)        0002
___lmul                       text3        05FB
___lmul@multiplicand          cstackCOMMON 0074
___lmul@multiplier            cstackCOMMON 0070
___lmul@product               cstackCOMMON 0079
___lwmod                      text4        05C7
___lwmod@counter              cstackBANK0  002B
___lwmod@dividend             cstackBANK0  0029
___lwmod@divisor              cstackBANK0  0027
___sp                         stack        0000
___stackhi                    (abs)        0000
___stacklo                    (abs)        0000
__end_of___lmul               text3        063A
__end_of___lwmod              text4        05FB
__end_of__initialization      cinit        07FC
__end_of__stringtab           strings      0013
__end_of_colMask              strings      0065
__end_of_initKeyPad           text10       0536
__end_of_keys                 strings      005E
__end_of_lcd_cmd              text9        0556
__end_of_lcd_dat              text6        0576
__end_of_lcd_init             text8        0718
__end_of_lcd_send             text7        05C7
__end_of_lcd_str              text5        059E
__end_of_main                 maintext     07DC
__end_of_rand                 text2        06C6
__end_of_random_string        text1        067F
__end_of_rowMask              strings      0062
__end_ofrandom_string@charset strings      0052
__initialization              cinit        07DC
__pbssBANK0                   bssBANK0     0034
__pcstackBANK0                cstackBANK0  0020
__pcstackCOMMON               cstackCOMMON 0070
__pdataBANK0                  dataBANK0    003E
__pidataBANK0                 idataBANK0   0527
__pmaintext                   maintext     0718
__pstrings                    strings      0003
__ptext1                      text1        063A
__ptext10                     text10       052B
__ptext2                      text2        067F
__ptext3                      text3        05FB
__ptext4                      text4        05C7
__ptext5                      text5        0576
__ptext6                      text6        0556
__ptext7                      text7        059E
__ptext8                      text8        06C6
__ptext9                      text9        0536
__stringbase                  strings      0012
__stringtab                   strings      0003
_colMask                      strings      0062
_colScan                      bssBANK0     0035
_initKeyPad                   text10       052B
_keyok                        bssBANK0     0036
_keypressed                   bssBANK0     0037
_lcd_cmd                      text9        0536
_lcd_dat                      text6        0556
_lcd_init                     text8        06C6
_lcd_send                     text7        059E
_lcd_str                      text5        0576
_main                         maintext     0718
_rand                         text2        067F
_random_string                text1        063A
_randx                        dataBANK0    003E
_rowMask                      strings      005E
_rowScan                      bssBANK0     0034
btemp                         (abs)        007E
end_of_initialization         cinit        07FC
intlevel0                     functab      0000
intlevel1                     functab      0000
intlevel2                     functab      0000
intlevel3                     functab      0000
intlevel4                     functab      0000
intlevel5                     functab      0000
lcd_cmd@val                   cstackCOMMON 0072
lcd_dat@val                   cstackCOMMON 0072
lcd_send@dato                 cstackCOMMON 0073
lcd_send@tipo                 cstackCOMMON 0070
lcd_str@i                     cstackCOMMON 0076
lcd_str@str                   cstackCOMMON 0073
main@code                     cstackBANK0  0033
random_string@charset         strings      0013
random_string@i               cstackBANK0  002F
random_string@index           cstackBANK0  002D
random_string@str             bssBANK0     0038
reset_vec                     reset_vec    0000
start                         init         0000
start_initialization          cinit        07DC
wtemp0                        (abs)        007E


MODULE INFORMATION

Module		Function		Class		Link	Load	Size
C:\Program Files\Microchip\xc8\v2.40\pic\sources\c90\common\rand.c
		_rand          		CODE           	067F	0000	71

C:\Program Files\Microchip\xc8\v2.40\pic\sources\c90\common\rand.c estimated size: 71

C:\Program Files\Microchip\xc8\v2.40\pic\sources\c90\common\lwmod.c
		___lwmod       		CODE           	05C7	0000	52

C:\Program Files\Microchip\xc8\v2.40\pic\sources\c90\common\lwmod.c estimated size: 52

shared
		random_string@charset		STRING         	0013	0000	63
		__stringtab    		STRING         	0003	0000	16
		_rowMask       		STRING         	005E	0000	4
		_keys          		STRING         	0000	0000	0
		__initialization		CODE           	07DC	0000	32
		_colMask       		STRING         	0062	0000	3

shared estimated size: 118

C:\Program Files\Microchip\xc8\v2.40\pic\sources\c90\common\Umul32.c
		___lmul        		CODE           	05FB	0000	63

C:\Program Files\Microchip\xc8\v2.40\pic\sources\c90\common\Umul32.c estimated size: 63

main.c
		_lcd_send      		CODE           	059E	0000	41
		_lcd_cmd       		CODE           	0536	0000	32
		_lcd_dat       		CODE           	0556	0000	32
		_main          		CODE           	0718	0000	196
		_random_string 		CODE           	063A	0000	69
		_lcd_str       		CODE           	0576	0000	40
		_initKeyPad    		CODE           	052B	0000	11
		_lcd_init      		CODE           	06C6	0000	82

main.c estimated size: 503

