Microchip MPLAB XC8 Compiler V2.40

Linker command line:

-W-3 \
  --edf=C:\Program Files\Microchip\xc8\v2.40\pic\dat\20220703182018_en.msgs \
  -cn -h+.ca/dist/Config_2/production\Door_Keypad.X.production.sym \
  --cmf=.ca/dist/Config_2/production\Door_Keypad.X.production.cmf -z \
  -Q16F877A -oC:\Users\Filippo\AppData\Local\Temp\xcAsipo.4 \
  --defsym=__MPLAB_BUILD=1 --fixupoverflow=error \
  -M.ca/dist/Config_2/production/Door_Keypad.X.production.map \
  --md=C:\Users\Filippo\AppData\Local\Temp\xcAsipo.dat -E1 \
  -ver=XC8 Compiler --acfsm=1493 -ACODE=00h-07FFhx4 -ASTRCODE=00h-01FFFh \
  -ASTRING=00h-0FFhx32 -ACONST=00h-0FFhx32 -AENTRY=00h-0FFhx32 \
  -ACOMMON=070h-07Fh -ABANK0=020h-06Fh -ABANK1=0A0h-0EFh \
  -ABANK2=0110h-016Fh -ABANK3=0190h-01EFh \
  -ARAM=020h-06Fh,0A0h-0EFh,0110h-016Fh,0190h-01EFh \
  -AABS1=020h-07Fh,0A0h-0EFh,0110h-016Fh,0190h-01EFh -ASFR0=00h-01Fh \
  -ASFR1=080h-09Fh -ASFR2=0100h-010Fh -ASFR3=0180h-018Fh \
  -ACONFIG=02007h-02007h -DCONFIG=2 -AIDLOC=02000h-02003h -DIDLOC=2 \
  -AEEDATA=00h-0FFh/02100h -peeprom_data=EEDATA -DEEDATA=2 -DCODE=2 \
  -DSTRCODE=2 -DSTRING=2 -DCONST=2 -DENTRY=2 \
  -preset_vec=00h,intentry,init,end_init -ppowerup=CODE -pcinit=CODE \
  -pfunctab=ENTRY -k C:\Users\Filippo\AppData\Local\Temp\xcAsipo.o \
  .ca/dist/Config_2/production\Door_Keypad.X.production.o 

Object code version is 3.11

Machine type is 16F877A



                Name                               Link     Load   Length Selector   Space Scale
C:\Users\Filippo\AppData\Local\Temp\xcAsipo.o
                end_init                              0        0        3        0       0
                config                             2007     2007        1        0       4
                idloc                              2000     2000        4        0       5
.ca/dist/Config_2/production\Door_Keypad.X.production.o
                cinit                               7DC      7DC       24      FB8       0
                config                             2007     2007        1        0       4
                idloc                              2000     2000        4        0       5
                text10                              54C      54C        A      A98       0
                text9                               574      574       20      AE8       0
                text8                               6D4      6D4       50      DA8       0
                text7                               5BA      5BA       27      B74       0
                text6                               556      556       1E      AAC       0
                text5                               594      594       26      B28       0
                text4                               5E1      5E1       32      BC2       0
                text3                               613      613       3F      C26       0
                text2                               691      691       43      D22       0
                text1                               652      652       3F      CA4       0
                maintext                            724      724       B8      E48       0
                cstackBANK0                          20       20       14       20       1
                cstackCOMMON                         70       70        E       70       1
                dataBANK0                            3E       3E        4       20       1
                bssBANK0                             34       34        A       20       1
                strings                               3        3       73        6       0
                idataBANK0                          548      548        4      A90       0

TOTAL           Name                               Link     Load   Length     Space
        CLASS   CODE           
                end_init                              0        0        3         0
                cinit                               7DC      7DC       24         0
                text10                              54C      54C        A         0
                text9                               574      574       20         0
                text8                               6D4      6D4       50         0
                text7                               5BA      5BA       27         0
                text6                               556      556       1E         0
                text5                               594      594       26         0
                text4                               5E1      5E1       32         0
                text3                               613      613       3F         0
                text2                               691      691       43         0
                text1                               652      652       3F         0
                maintext                            724      724       B8         0
                idataBANK0                          548      548        4         0

        CLASS   STRCODE        

        CLASS   STRING         
                strings                               3        3       73         0

        CLASS   CONST          

        CLASS   ENTRY          

        CLASS   COMMON         
                cstackCOMMON                         70       70        E         1

        CLASS   BANK0          
                cstackBANK0                          20       20       14         1
                dataBANK0                            3E       3E        4         1
                bssBANK0                             34       34        A         1

        CLASS   BANK1          

        CLASS   BANK2          

        CLASS   BANK3          

        CLASS   RAM            

        CLASS   ABS1           
                abs_s1                               7E       7E        2         1

        CLASS   SFR0           

        CLASS   SFR1           

        CLASS   SFR2           

        CLASS   SFR3           

        CLASS   CONFIG         
                config                             2007     2007        1         4

        CLASS   IDLOC          
                idloc                              2000     2000        4         5

        CLASS   EEDATA         

        CLASS   STACK          



SEGMENTS        Name                           Load    Length   Top    Selector   Space  Class     Delta

                reset_vec                      000000  000003  000003         0       0  CODE        2
                strings                        000003  000073  000076         6       0  STRING      2
                cstackBANK0                    000020  000022  000042        20       1  BANK0       1
                cstackCOMMON                   000070  00000E  00007E        70       1  COMMON      1
                idataBANK0                     000548  000004  00054C       A90       0  CODE        2
                text10                         00054C  00000A  000556       A98       0  CODE        2
                text6                          000556  00001E  000574       AAC       0  CODE        2
                text9                          000574  000020  000594       AE8       0  CODE        2
                text5                          000594  000026  0005BA       B28       0  CODE        2
                text7                          0005BA  000027  0005E1       B74       0  CODE        2
                text4                          0005E1  000032  000613       BC2       0  CODE        2
                text3                          000613  00003F  000652       C26       0  CODE        2
                text1                          000652  00003F  000691       CA4       0  CODE        2
                text2                          000691  000043  0006D4       D22       0  CODE        2
                text8                          0006D4  000050  000724       DA8       0  CODE        2
                maintext                       000724  0000B8  0007DC       E48       0  CODE        2
                cinit                          0007DC  000024  000800       FB8       0  CODE        2


UNUSED ADDRESS RANGES

        Name                Unused          Largest block    Delta
        BANK0            0042-006F             2E           1
        BANK1            00A0-00EF             50           1
        BANK2            0110-016F             60           1
        BANK3            0190-01EF             60           1
        CODE             0076-0547            4D2           2
                         0800-1FFF            800
        CONST            0076-0547            100           2
                         0800-1FFF            100
        EEDATA           2100-21FF            100           2
        ENTRY            0076-0547            100           2
                         0800-1FFF            100
        RAM              0042-006F             2E           1
                         00A0-00EF             50
                         0110-016F             60
                         0190-01EF             60
        SFR0             0000-001F             20           1
        SFR1             0080-009F             20           1
        SFR2             0100-010F             10           1
        SFR3             0180-018F             10           1
        STRCODE          0076-0547            4D2           2
                         0800-1FFF           1800
        STRING           0076-0547            100           2
                         0800-1FFF            100

                                  Symbol Table

?___lmul                      cstackCOMMON 0070
?___lwmod                     cstackBANK0  0027
?_rand                        cstackBANK0  0020
_INTCON                       (abs)        000B
_OPTION_REG                   (abs)        0081
_PORTB                        (abs)        0006
_PORTD                        (abs)        0008
_PORTEbits                    (abs)        0009
_TMR0                         (abs)        0001
_TRISB                        (abs)        0086
_TRISD                        (abs)        0088
_TRISE                        (abs)        0089
_TRISEbits                    (abs)        0089
__Habs1                       abs1         0000
__Hbank0                      bank0        0000
__Hbank1                      bank1        0000
__Hbank2                      bank2        0000
__Hbank3                      bank3        0000
__HbssBANK0                   bssBANK0     0000
__Hcinit                      cinit        0800
__Hclrtext                    clrtext      0000
__Hcode                       code         0000
__Hcommon                     common       0000
__Hconfig                     config       2008
__HcstackBANK0                cstackBANK0  0000
__HcstackCOMMON               cstackCOMMON 0000
__HdataBANK0                  dataBANK0    0000
__Heeprom_data                eeprom_data  0000
__Hend_init                   end_init     0003
__Hfunctab                    functab      0000
__HidataBANK0                 idataBANK0   0000
__Hidloc                      idloc        2004
__Hinit                       init         0000
__Hintentry                   intentry     0000
__Hmaintext                   maintext     0000
__Hpowerup                    powerup      0000
__Hram                        ram          0000
__Hreset_vec                  reset_vec    0000
__Hsfr0                       sfr0         0000
__Hsfr1                       sfr1         0000
__Hsfr2                       sfr2         0000
__Hsfr3                       sfr3         0000
__Hspace_0                    (abs)        0800
__Hspace_1                    (abs)        007E
__Hspace_2                    (abs)        0000
__Hspace_3                    (abs)        0000
__Hspace_4                    (abs)        400F
__Hstack                      stack        0000
__Hstrings                    strings      0000
__Htext                       text         0000
__Labs1                       abs1         0000
__Lbank0                      bank0        0000
__Lbank1                      bank1        0000
__Lbank2                      bank2        0000
__Lbank3                      bank3        0000
__LbssBANK0                   bssBANK0     0000
__Lcinit                      cinit        07DC
__Lclrtext                    clrtext      0000
__Lcode                       code         0000
__Lcommon                     common       0000
__Lconfig                     config       0000
__LcstackBANK0                cstackBANK0  0000
__LcstackCOMMON               cstackCOMMON 0000
__LdataBANK0                  dataBANK0    0000
__Leeprom_data                eeprom_data  0000
__Lend_init                   end_init     0000
__Lfunctab                    functab      0000
__LidataBANK0                 idataBANK0   0000
__Lidloc                      idloc        0000
__Linit                       init         0000
__Lintentry                   intentry     0000
__Lmaintext                   maintext     0000
__Lpowerup                    powerup      0000
__Lram                        ram          0000
__Lreset_vec                  reset_vec    0000
__Lsfr0                       sfr0         0000
__Lsfr1                       sfr1         0000
__Lsfr2                       sfr2         0000
__Lsfr3                       sfr3         0000
__Lspace_0                    (abs)        0000
__Lspace_1                    (abs)        0000
__Lspace_2                    (abs)        0000
__Lspace_3                    (abs)        0000
__Lspace_4                    (abs)        0000
__Lstack                      stack        0000
__Lstrings                    strings      0000
__Ltext                       text         0000
__S0                          (abs)        0800
__S1                          (abs)        007E
__S3                          (abs)        0000
___int_sp                     stack        0000
___latbits                    (abs)        0002
___lmul                       text3        0613
___lmul@multiplicand          cstackCOMMON 0074
___lmul@multiplier            cstackCOMMON 0070
___lmul@product               cstackCOMMON 0079
___lwmod                      text4        05E1
___lwmod@counter              cstackBANK0  002B
___lwmod@dividend             cstackBANK0  0029
___lwmod@divisor              cstackBANK0  0027
___sp                         stack        0000
___stackhi                    (abs)        0000
___stacklo                    (abs)        0000
__end_of___lmul               text3        0652
__end_of___lwmod              text4        0613
__end_of__initialization      cinit        07FC
__end_of__stringtab           strings      0013
__end_of_colMask              strings      0065
__end_of_initKeyPad           text10       0556
__end_of_keys                 strings      005E
__end_of_lcd_cmd              text9        0594
__end_of_lcd_dat              text6        0574
__end_of_lcd_init             text8        0724
__end_of_lcd_send             text7        05E1
__end_of_lcd_str              text5        05BA
__end_of_main                 maintext     07DC
__end_of_rand                 text2        06D4
__end_of_random_string        text1        0691
__end_of_rowMask              strings      0062
__end_ofrandom_string@charset strings      0052
__initialization              cinit        07DC
__pbssBANK0                   bssBANK0     0034
__pcstackBANK0                cstackBANK0  0020
__pcstackCOMMON               cstackCOMMON 0070
__pdataBANK0                  dataBANK0    003E
__pidataBANK0                 idataBANK0   0548
__pmaintext                   maintext     0724
__pstrings                    strings      0003
__ptext1                      text1        0652
__ptext10                     text10       054C
__ptext2                      text2        0691
__ptext3                      text3        0613
__ptext4                      text4        05E1
__ptext5                      text5        0594
__ptext6                      text6        0556
__ptext7                      text7        05BA
__ptext8                      text8        06D4
__ptext9                      text9        0574
__stringbase                  strings      0012
__stringtab                   strings      0003
_colMask                      strings      0062
_colScan                      bssBANK0     0035
_initKeyPad                   text10       054C
_keyok                        bssBANK0     0036
_keypressed                   bssBANK0     0037
_lcd_cmd                      text9        0574
_lcd_dat                      text6        0556
_lcd_init                     text8        06D4
_lcd_send                     text7        05BA
_lcd_str                      text5        0594
_main                         maintext     0724
_rand                         text2        0691
_random_string                text1        0652
_randx                        dataBANK0    003E
_rowMask                      strings      005E
_rowScan                      bssBANK0     0034
btemp                         (abs)        007E
end_of_initialization         cinit        07FC
intlevel0                     functab      0000
intlevel1                     functab      0000
intlevel2                     functab      0000
intlevel3                     functab      0000
intlevel4                     functab      0000
intlevel5                     functab      0000
lcd_cmd@val                   cstackCOMMON 0072
lcd_dat@val                   cstackCOMMON 0072
lcd_send@dato                 cstackCOMMON 0073
lcd_send@tipo                 cstackCOMMON 0070
lcd_str@i                     cstackCOMMON 0076
lcd_str@str                   cstackCOMMON 0073
main@code                     cstackBANK0  0033
random_string@charset         strings      0013
random_string@i               cstackBANK0  002F
random_string@index           cstackBANK0  002D
random_string@str             bssBANK0     0038
reset_vec                     reset_vec    0000
start                         init         0000
start_initialization          cinit        07DC
wtemp0                        (abs)        007E


MODULE INFORMATION

Module		Function		Class		Link	Load	Size
C:\Program Files\Microchip\xc8\v2.40\pic\sources\c90\common\rand.c
		_rand          		CODE           	0691	0000	67

C:\Program Files\Microchip\xc8\v2.40\pic\sources\c90\common\rand.c estimated size: 67

C:\Program Files\Microchip\xc8\v2.40\pic\sources\c90\common\lwmod.c
		___lwmod       		CODE           	05E1	0000	50

C:\Program Files\Microchip\xc8\v2.40\pic\sources\c90\common\lwmod.c estimated size: 50

shared
		random_string@charset		STRING         	0013	0000	63
		__stringtab    		STRING         	0003	0000	16
		_rowMask       		STRING         	005E	0000	4
		_keys          		STRING         	0000	0000	0
		__initialization		CODE           	07DC	0000	32
		_colMask       		STRING         	0062	0000	3

shared estimated size: 118

C:\Program Files\Microchip\xc8\v2.40\pic\sources\c90\common\Umul32.c
		___lmul        		CODE           	0613	0000	63

C:\Program Files\Microchip\xc8\v2.40\pic\sources\c90\common\Umul32.c estimated size: 63

main.c
		_lcd_send      		CODE           	05BA	0000	39
		_lcd_cmd       		CODE           	0574	0000	32
		_lcd_dat       		CODE           	0556	0000	30
		_main          		CODE           	0724	0000	184
		_random_string 		CODE           	0652	0000	63
		_lcd_str       		CODE           	0594	0000	38
		_initKeyPad    		CODE           	054C	0000	10
		_lcd_init      		CODE           	06D4	0000	80

main.c estimated size: 476

