Microchip MPLAB XC8 Compiler V2.40

Linker command line:

-W-3 \
  --edf=C:\Program Files\Microchip\xc8\v2.40\pic\dat\20220703182018_en.msgs \
  -cn -h+dist/default/production\Door_Keypad.X.production.sym \
  --cmf=dist/default/production\Door_Keypad.X.production.cmf -z -Q16F877A \
  -oC:\Users\Filippo\AppData\Local\Temp\xcAstlg.4 --defsym=__MPLAB_BUILD=1 \
  --fixupoverflow=error \
  -Mdist/default/production/Door_Keypad.X.production.map \
  --md=C:\Users\Filippo\AppData\Local\Temp\xcAstlg.dat -E1 \
  -ver=XC8 Compiler --acfsm=1493 -ACODE=00h-07FFhx4 -ASTRCODE=00h-01FFFh \
  -ASTRING=00h-0FFhx32 -ACONST=00h-0FFhx32 -AENTRY=00h-0FFhx32 \
  -ACOMMON=070h-07Fh -ABANK0=020h-06Fh -ABANK1=0A0h-0EFh \
  -ABANK2=0110h-016Fh -ABANK3=0190h-01EFh \
  -ARAM=020h-06Fh,0A0h-0EFh,0110h-016Fh,0190h-01EFh \
  -AABS1=020h-07Fh,0A0h-0EFh,0110h-016Fh,0190h-01EFh -ASFR0=00h-01Fh \
  -ASFR1=080h-09Fh -ASFR2=0100h-010Fh -ASFR3=0180h-018Fh \
  -ACONFIG=02007h-02007h -DCONFIG=2 -AIDLOC=02000h-02003h -DIDLOC=2 \
  -AEEDATA=00h-0FFh/02100h -peeprom_data=EEDATA -DEEDATA=2 -DCODE=2 \
  -DSTRCODE=2 -DSTRING=2 -DCONST=2 -DENTRY=2 \
  -preset_vec=00h,intentry=04h,init,end_init -ppowerup=CODE -pcinit=CODE \
  -pfunctab=ENTRY -k C:\Users\Filippo\AppData\Local\Temp\xcAstlg.o \
  dist/default/production\Door_Keypad.X.production.o 

Object code version is 3.11

Machine type is 16F877A



                Name                               Link     Load   Length Selector   Space Scale
C:\Users\Filippo\AppData\Local\Temp\xcAstlg.o
                end_init                             10       10        3        8       0
                reset_vec                             0        0        3        0       0
                config                             2007     2007        1        0       4
                idloc                              2000     2000        4        0       5
dist/default/production\Door_Keypad.X.production.o
                cinit                                13       13       46        8       0
                intentry                              4        4        C        8       0
                config                             2007     2007        1        0       4
                idloc                              2000     2000        4        0       5
                text20                              3F5      3F5       6D      70E       0
                text19                              7BF      7BF        E      70E       0
                text18                              719      719       2D      70E       0
                text17                              1F3      1F3       9D        8       0
                text16                              63D      63D       46      70E       0
                text15                              7AE      7AE       11      70E       0
                text14                              5F7      5F7       46      70E       0
                text13                              683      683       3C      70E       0
                text12                              387      387       6E      70E       0
                text11                              746      746       24      70E       0
                text10                              78C      78C       22      70E       0
                text9                               462      462       5C      70E       0
                text8                               6EC      6EC       2D      70E       0
                text7                               76A      76A       22      70E       0
                text6                               6BF      6BF       2D      70E       0
                text5                               517      517       51      70E       0
                text4                               568      568       48      70E       0
                text3                               5B0      5B0       47      70E       0
                text2                               7CD      7CD        9      70E       0
                text1                               4BE      4BE       59      70E       0
                maintext                             59       59      19A        8       0
                cstackBANK0                          20       20       2D       20       1
                cstackCOMMON                         70       70        5       70       1
                clrtext                             7D6      7D6        8      70E       0
                bssBANK3                            190      190       32      190       1
                bssBANK1                             A0       A0       32       A0       1
                dataBANK0                            60       60        6       20       1
                bssBANK0                             4D       4D       13       20       1
                bssCOMMON                            75       75        4       70       1
                strings                             300      300       87      600       0
                idataBANK0                          7DE      7DE        6      70E       0

TOTAL           Name                               Link     Load   Length     Space
        CLASS   CODE           
                end_init                             10       10        3         0
                cinit                                13       13       46         0
                intentry                              4        4        C         0
                reset_vec                             0        0        3         0
                text20                              3F5      3F5       6D         0
                text19                              7BF      7BF        E         0
                text18                              719      719       2D         0
                text17                              1F3      1F3       9D         0
                text16                              63D      63D       46         0
                text15                              7AE      7AE       11         0
                text14                              5F7      5F7       46         0
                text13                              683      683       3C         0
                text12                              387      387       6E         0
                text11                              746      746       24         0
                text10                              78C      78C       22         0
                text9                               462      462       5C         0
                text8                               6EC      6EC       2D         0
                text7                               76A      76A       22         0
                text6                               6BF      6BF       2D         0
                text5                               517      517       51         0
                text4                               568      568       48         0
                text3                               5B0      5B0       47         0
                text2                               7CD      7CD        9         0
                text1                               4BE      4BE       59         0
                maintext                             59       59      19A         0
                clrtext                             7D6      7D6        8         0
                idataBANK0                          7DE      7DE        6         0

        CLASS   STRCODE        

        CLASS   STRING         
                strings                             300      300       87         0

        CLASS   CONST          

        CLASS   ENTRY          

        CLASS   COMMON         
                cstackCOMMON                         70       70        5         1
                bssCOMMON                            75       75        4         1

        CLASS   BANK0          
                cstackBANK0                          20       20       2D         1
                dataBANK0                            60       60        6         1
                bssBANK0                             4D       4D       13         1

        CLASS   BANK1          
                bssBANK1                             A0       A0       32         1

        CLASS   BANK2          

        CLASS   BANK3          
                bssBANK3                            190      190       32         1

        CLASS   RAM            

        CLASS   ABS1           
                abs_s1                               7E       7E        2         1

        CLASS   SFR0           

        CLASS   SFR1           

        CLASS   SFR2           

        CLASS   SFR3           

        CLASS   CONFIG         
                config                             2007     2007        1         4

        CLASS   IDLOC          
                idloc                              2000     2000        4         5

        CLASS   EEDATA         

        CLASS   STACK          



SEGMENTS        Name                           Load    Length   Top    Selector   Space  Class     Delta

                reset_vec                      000000  000003  000003         0       0  CODE        2
                intentry                       000004  00028C  000290         8       0  CODE        2
                cstackBANK0                    000020  000046  000066        20       1  BANK0       1
                cstackCOMMON                   000070  000009  000079        70       1  COMMON      1
                bssBANK1                       0000A0  000032  0000D2        A0       1  BANK1       1
                bssBANK3                       000190  000032  0001C2       190       1  BANK3       1
                strings                        000300  000087  000387       600       0  STRING      2
                text12                         000387  00045D  0007E4       70E       0  CODE        2


UNUSED ADDRESS RANGES

        Name                Unused          Largest block    Delta
        BANK0            0066-006F              A           1
        BANK1            00D2-00EF             1E           1
        BANK2            0110-016F             60           1
        BANK3            01C2-01EF             2E           1
        CODE             0003-0003              1           2
                         0290-02FF             70
                         07E4-1FFF            800
        COMMON           0079-007D              5           1
        CONST            0003-0003              1           2
                         0290-02FF             70
                         07E4-1FFF            100
        EEDATA           2100-21FF            100           2
        ENTRY            0003-0003              1           2
                         0290-02FF             70
                         07E4-1FFF            100
        RAM              0066-006F              A           1
                         00D2-00EF             1E
                         0110-016F             60
                         01C2-01EF             2E
        SFR0             0000-001F             20           1
        SFR1             0080-009F             20           1
        SFR2             0100-010F             10           1
        SFR3             0180-018F             10           1
        STRCODE          0003-0003              1           2
                         0290-02FF             70
                         07E4-1FFF           181C
        STRING           0003-0003              1           2
                         0290-02FF             70
                         07E4-1FFF            100

                                  Symbol Table

?___aldiv                     cstackBANK0  0020
?___lmul                      cstackBANK0  0020
?___lwdiv                     cstackBANK0  0020
?___lwmod                     cstackBANK0  0034
?_rand                        cstackBANK0  002D
UART_TxChar@ch                cstackBANK0  0021
UART_TxString@i               cstackBANK0  0025
UART_TxString@str             cstackBANK0  0022
UART_init@baudrate            cstackBANK0  002F
_INTCON                       (abs)        000B
_ISR                          text20       03F5
_OPTION_REG                   (abs)        0081
_PIE1                         (abs)        008C
_PIR1                         (abs)        000C
_PORTB                        (abs)        0006
_PORTD                        (abs)        0008
_PORTEbits                    (abs)        0009
_RCIF                         (abs)        0065
_RCREG                        (abs)        001A
_RCSTA                        (abs)        0018
_SPBRG                        (abs)        0099
_TMR0                         (abs)        0001
_TRISB                        (abs)        0086
_TRISC                        (abs)        0087
_TRISD                        (abs)        0088
_TRISE                        (abs)        0089
_TRISEbits                    (abs)        0089
_TXREG                        (abs)        0019
_TXSTA                        (abs)        0098
_UART_TxChar                  text19       07BF
_UART_TxString                text18       0719
_UART_init                    text16       063D
__Habs1                       abs1         0000
__Hbank0                      bank0        0000
__Hbank1                      bank1        0000
__Hbank2                      bank2        0000
__Hbank3                      bank3        0000
__HbssBANK0                   bssBANK0     0000
__HbssBANK1                   bssBANK1     0000
__HbssBANK3                   bssBANK3     0000
__HbssCOMMON                  bssCOMMON    0000
__Hcinit                      cinit        0059
__Hclrtext                    clrtext      0000
__Hcode                       code         0000
__Hcommon                     common       0000
__Hconfig                     config       2008
__HcstackBANK0                cstackBANK0  0000
__HcstackCOMMON               cstackCOMMON 0000
__HdataBANK0                  dataBANK0    0000
__Heeprom_data                eeprom_data  0000
__Hend_init                   end_init     0013
__Hfunctab                    functab      0000
__HidataBANK0                 idataBANK0   0000
__Hidloc                      idloc        2004
__Hinit                       init         0010
__Hintentry                   intentry     0010
__Hmaintext                   maintext     0000
__Hpowerup                    powerup      0000
__Hram                        ram          0000
__Hreset_vec                  reset_vec    0003
__Hsfr0                       sfr0         0000
__Hsfr1                       sfr1         0000
__Hsfr2                       sfr2         0000
__Hsfr3                       sfr3         0000
__Hspace_0                    (abs)        07E4
__Hspace_1                    (abs)        01C2
__Hspace_2                    (abs)        0000
__Hspace_3                    (abs)        0000
__Hspace_4                    (abs)        400F
__Hstack                      stack        0000
__Hstrings                    strings      0000
__Htext                       text         0000
__Labs1                       abs1         0000
__Lbank0                      bank0        0000
__Lbank1                      bank1        0000
__Lbank2                      bank2        0000
__Lbank3                      bank3        0000
__LbssBANK0                   bssBANK0     0000
__LbssBANK1                   bssBANK1     0000
__LbssBANK3                   bssBANK3     0000
__LbssCOMMON                  bssCOMMON    0000
__Lcinit                      cinit        0013
__Lclrtext                    clrtext      0000
__Lcode                       code         0000
__Lcommon                     common       0000
__Lconfig                     config       0000
__LcstackBANK0                cstackBANK0  0000
__LcstackCOMMON               cstackCOMMON 0000
__LdataBANK0                  dataBANK0    0000
__Leeprom_data                eeprom_data  0000
__Lend_init                   end_init     0010
__Lfunctab                    functab      0000
__LidataBANK0                 idataBANK0   0000
__Lidloc                      idloc        0000
__Linit                       init         0010
__Lintentry                   intentry     0004
__Lmaintext                   maintext     0000
__Lpowerup                    powerup      0000
__Lram                        ram          0000
__Lreset_vec                  reset_vec    0000
__Lsfr0                       sfr0         0000
__Lsfr1                       sfr1         0000
__Lsfr2                       sfr2         0000
__Lsfr3                       sfr3         0000
__Lspace_0                    (abs)        0000
__Lspace_1                    (abs)        0000
__Lspace_2                    (abs)        0000
__Lspace_3                    (abs)        0000
__Lspace_4                    (abs)        0000
__Lstack                      stack        0000
__Lstrings                    strings      0000
__Ltext                       text         0000
__S0                          (abs)        07E4
__S1                          (abs)        01C2
__S3                          (abs)        0000
___aldiv                      text17       01F3
___aldiv@counter              cstackBANK0  0029
___aldiv@dividend             cstackBANK0  0024
___aldiv@divisor              cstackBANK0  0020
___aldiv@quotient             cstackBANK0  002B
___aldiv@sign                 cstackBANK0  002A
___int_sp                     stack        0000
___latbits                    (abs)        0002
___lmul                       text4        0568
___lmul@multiplicand          cstackBANK0  0024
___lmul@multiplier            cstackBANK0  0020
___lmul@product               cstackBANK0  0029
___lwdiv                      text14       05F7
___lwdiv@counter              cstackBANK0  0025
___lwdiv@dividend             cstackBANK0  0022
___lwdiv@divisor              cstackBANK0  0020
___lwdiv@quotient             cstackBANK0  0026
___lwmod                      text13       0683
___lwmod@counter              cstackBANK0  0039
___lwmod@dividend             cstackBANK0  0036
___lwmod@divisor              cstackBANK0  0034
___sp                         stack        0000
___stackhi                    (abs)        0000
___stacklo                    (abs)        0000
__end_of_ISR                  text20       0462
__end_of_UART_TxChar          text19       07CD
__end_of_UART_TxString        text18       0746
__end_of_UART_init            text16       0683
__end_of___aldiv              text17       0290
__end_of___lmul               text4        05B0
__end_of___lwdiv              text14       063D
__end_of___lwmod              text13       06BF
__end_of__initialization      cinit        0055
__end_of__stringtab           strings      0310
__end_of_colMask              strings      0362
__end_of_initKeyPad           text15       07BF
__end_of_itoa                 text11       076A
__end_of_keys                 strings      035B
__end_of_lcd_cmd              text10       07AE
__end_of_lcd_dat              text7        078C
__end_of_lcd_init             text9        04BE
__end_of_lcd_send             text8        0719
__end_of_lcd_str              text6        06EC
__end_of_main                 maintext     01F3
__end_of_parseData            text5        0568
__end_of_rand                 text3        05F7
__end_of_random_string        text1        0517
__end_of_rowMask              strings      035F
__end_of_srand                text2        07D6
__end_of_utoa                 text12       03F5
__end_ofrandom_string@charset strings      034F
__initialization              cinit        0013
__pbssBANK0                   bssBANK0     004D
__pbssBANK1                   bssBANK1     00A0
__pbssBANK3                   bssBANK3     0190
__pbssCOMMON                  bssCOMMON    0075
__pcstackBANK0                cstackBANK0  0020
__pcstackCOMMON               cstackCOMMON 0070
__pdataBANK0                  dataBANK0    0060
__pidataBANK0                 idataBANK0   07DE
__pintentry                   intentry     0004
__pmaintext                   maintext     0059
__pstrings                    strings      0300
__ptext1                      text1        04BE
__ptext10                     text10       078C
__ptext11                     text11       0746
__ptext12                     text12       0387
__ptext13                     text13       0683
__ptext14                     text14       05F7
__ptext15                     text15       07AE
__ptext16                     text16       063D
__ptext17                     text17       01F3
__ptext18                     text18       0719
__ptext19                     text19       07BF
__ptext2                      text2        07CD
__ptext20                     text20       03F5
__ptext3                      text3        05B0
__ptext4                      text4        0568
__ptext5                      text5        0517
__ptext6                      text6        06BF
__ptext7                      text7        076A
__ptext8                      text8        06EC
__ptext9                      text9        0462
__stringbase                  strings      030F
__stringtab                   strings      0300
_buff                         bssBANK0     005E
_code_generate_send           bssBANK0     0052
_colMask                      strings      035F
_colScan                      bssBANK0     0050
_countOn                      bssCOMMON    0077
_countSec                     bssCOMMON    0075
_dataParsed                   bssBANK3     0190
_dato                         bssBANK1     00A0
_i                            bssBANK0     004D
_initKeyPad                   text15       07AE
_itoa                         text11       0746
_keyok                        bssBANK0     0054
_keypressed                   bssBANK0     0055
_lcd_cmd                      text10       078C
_lcd_dat                      text7        076A
_lcd_init                     text9        0462
_lcd_send                     text8        06EC
_lcd_str                      text6        06BF
_main                         maintext     0059
_numSec                       dataBANK0    0064
_parseData                    text5        0517
_rand                         text3        05B0
_random_string                text1        04BE
_randx                        dataBANK0    0060
_received                     bssBANK0     0053
_rowMask                      strings      035B
_rowScan                      bssBANK0     004F
_srand                        text2        07CD
_stop_wait                    bssBANK0     0051
_utoa                         text12       0387
btemp                         (abs)        007E
clear_ram0                    clrtext      07D6
end_of_initialization         cinit        0055
interrupt_function            intentry     0004
intlevel0                     functab      0000
intlevel1                     functab      0000
intlevel2                     functab      0000
intlevel3                     functab      0000
intlevel4                     functab      0000
intlevel5                     functab      0000
itoa@base                     cstackBANK0  0045
itoa@buf                      cstackBANK0  0048
itoa@val                      cstackBANK0  0043
lcd_cmd@val                   cstackBANK0  0022
lcd_dat@val                   cstackBANK0  0022
lcd_send@dato                 cstackBANK0  0023
lcd_send@tipo                 cstackBANK0  0020
lcd_str@i                     cstackBANK0  0026
lcd_str@str                   cstackBANK0  0023
main@code                     cstackBANK0  004C
parseData@data                cstackBANK0  0028
parseData@dataParsed          cstackBANK0  0020
parseData@i                   cstackBANK0  0026
parseData@j                   cstackBANK0  0024
random_string@charset         strings      0310
random_string@i               cstackBANK0  003E
random_string@index           cstackBANK0  003C
random_string@str             bssBANK0     0056
reset_vec                     reset_vec    0000
saved_w                       (abs)        007E
srand@x                       cstackBANK0  0020
start                         init         0010
start_initialization          cinit        0013
utoa@base                     cstackBANK0  003C
utoa@buf                      cstackBANK0  0042
utoa@c                        cstackBANK0  0041
utoa@v                        cstackBANK0  003F
utoa@val                      cstackBANK0  003A
wtemp0                        (abs)        007E


MODULE INFORMATION

Module		Function		Class		Link	Load	Size
C:\Program Files\Microchip\xc8\v2.40\pic\sources\c90\common\aldiv.c
		___aldiv       		CODE           	01F3	0000	157

C:\Program Files\Microchip\xc8\v2.40\pic\sources\c90\common\aldiv.c estimated size: 157

C:\Program Files\Microchip\xc8\v2.40\pic\sources\c90\common\rand.c
		_srand         		CODE           	07CD	0000	9
		_rand          		CODE           	05B0	0000	71

C:\Program Files\Microchip\xc8\v2.40\pic\sources\c90\common\rand.c estimated size: 80

C:\Program Files\Microchip\xc8\v2.40\pic\sources\c90\common\lwmod.c
		___lwmod       		CODE           	0683	0000	60

C:\Program Files\Microchip\xc8\v2.40\pic\sources\c90\common\lwmod.c estimated size: 60

shared
		random_string@charset		STRING         	0310	0000	63
		__stringtab    		STRING         	0300	0000	16
		_rowMask       		STRING         	035B	0000	4
		_keys          		STRING         	0000	0000	0
		__initialization		CODE           	0013	0000	66
		_colMask       		STRING         	035F	0000	3

shared estimated size: 152

C:\Program Files\Microchip\xc8\v2.40\pic\sources\c90\common\itoa.c
		_itoa          		CODE           	0746	0000	36
		_utoa          		CODE           	0387	0000	110

C:\Program Files\Microchip\xc8\v2.40\pic\sources\c90\common\itoa.c estimated size: 146

C:\Program Files\Microchip\xc8\v2.40\pic\sources\c90\common\Umul32.c
		___lmul        		CODE           	0568	0000	72

C:\Program Files\Microchip\xc8\v2.40\pic\sources\c90\common\Umul32.c estimated size: 72

main.c
		_lcd_send      		CODE           	06EC	0000	45
		_UART_TxString 		CODE           	0719	0000	45
		_lcd_cmd       		CODE           	078C	0000	34
		_ISR           		CODE           	03F5	0000	109
		_lcd_dat       		CODE           	076A	0000	34
		_UART_init     		CODE           	063D	0000	70
		_main          		CODE           	0059	0000	410
		_parseData     		CODE           	0517	0000	81
		_random_string 		CODE           	04BE	0000	89
		_lcd_str       		CODE           	06BF	0000	45
		_UART_TxChar   		CODE           	07BF	0000	14
		_initKeyPad    		CODE           	07AE	0000	17
		_lcd_init      		CODE           	0462	0000	92

main.c estimated size: 1085

C:\Program Files\Microchip\xc8\v2.40\pic\sources\c90\common\lwdiv.c
		___lwdiv       		CODE           	05F7	0000	70

C:\Program Files\Microchip\xc8\v2.40\pic\sources\c90\common\lwdiv.c estimated size: 70

