Microchip MPLAB XC8 Compiler V2.40

Linker command line:

-W-3 \
  --edf=C:\Program Files\Microchip\xc8\v2.40\pic\dat\20220703182018_en.msgs \
  -cn -h+dist/default/production\Door_Keypad.X.production.sym \
  --cmf=dist/default/production\Door_Keypad.X.production.cmf -z -Q16F877A \
  -oC:\Users\Filippo\AppData\Local\Temp\xcAsdb8.4 --defsym=__MPLAB_BUILD=1 \
  --fixupoverflow=error \
  -Mdist/default/production/Door_Keypad.X.production.map \
  --md=C:\Users\Filippo\AppData\Local\Temp\xcAsdb8.dat -E1 \
  -ver=XC8 Compiler --acfsm=1493 -ACODE=00h-07FFhx4 -ASTRCODE=00h-01FFFh \
  -ASTRING=00h-0FFhx32 -ACONST=00h-0FFhx32 -AENTRY=00h-0FFhx32 \
  -ACOMMON=070h-07Fh -ABANK0=020h-06Fh -ABANK1=0A0h-0EFh \
  -ABANK2=0110h-016Fh -ABANK3=0190h-01EFh \
  -ARAM=020h-06Fh,0A0h-0EFh,0110h-016Fh,0190h-01EFh \
  -AABS1=020h-07Fh,0A0h-0EFh,0110h-016Fh,0190h-01EFh -ASFR0=00h-01Fh \
  -ASFR1=080h-09Fh -ASFR2=0100h-010Fh -ASFR3=0180h-018Fh \
  -ACONFIG=02007h-02007h -DCONFIG=2 -AIDLOC=02000h-02003h -DIDLOC=2 \
  -AEEDATA=00h-0FFh/02100h -peeprom_data=EEDATA -DEEDATA=2 -DCODE=2 \
  -DSTRCODE=2 -DSTRING=2 -DCONST=2 -DENTRY=2 \
  -preset_vec=00h,intentry=04h,init,end_init -ppowerup=CODE -pcinit=CODE \
  -pfunctab=ENTRY -k C:\Users\Filippo\AppData\Local\Temp\xcAsdb8.o \
  dist/default/production\Door_Keypad.X.production.o 

Object code version is 3.11

Machine type is 16F877A



                Name                               Link     Load   Length Selector   Space Scale
C:\Users\Filippo\AppData\Local\Temp\xcAsdb8.o
                end_init                             10       10        3        8       0
                reset_vec                             0        0        3        0       0
                config                             2007     2007        1        0       4
                idloc                              2000     2000        4        0       5
dist/default/production\Door_Keypad.X.production.o
                cinit                                13       13       3D        8       0
                intentry                              4        4        C        8       0
                config                             2007     2007        1        0       4
                idloc                              2000     2000        4        0       5
                text18                              31B      31B       6D      55A       0
                text17                              677      677        E      55A       0
                text16                              644      644       22      55A       0
                text15                              195      195       9D        8       0
                text14                              500      500       46      55A       0
                text13                              666      666       11      55A       0
                text12                              4BA      4BA       46      55A       0
                text11                              546      546       3C      55A       0
                text10                              2AD      2AD       6E      55A       0
                text9                               5DC      5DC       24      55A       0
                text8                               622      622       22      55A       0
                text7                               388      388       5C      55A       0
                text6                               5AF      5AF       2D      55A       0
                text5                               600      600       22      55A       0
                text4                               582      582       2D      55A       0
                text3                               3E4      3E4       48      55A       0
                text2                               473      473       47      55A       0
                text1                               42C      42C       47      55A       0
                maintext                             50       50      145        8       0
                cstackBANK0                          20       20       2C       20       1
                cstackCOMMON                         70       70        5       70       1
                clrtext                             685      685        8      55A       0
                bssBANK1                             A0       A0       32       A0       1
                dataBANK0                            5D       5D        6       20       1
                bssBANK0                             4C       4C       11       20       1
                bssCOMMON                            75       75        4       70       1
                strings                             232      232       7B      464       0
                idataBANK0                          68D      68D        6      55A       0

TOTAL           Name                               Link     Load   Length     Space
        CLASS   CODE           
                end_init                             10       10        3         0
                cinit                                13       13       3D         0
                intentry                              4        4        C         0
                reset_vec                             0        0        3         0
                text18                              31B      31B       6D         0
                text17                              677      677        E         0
                text16                              644      644       22         0
                text15                              195      195       9D         0
                text14                              500      500       46         0
                text13                              666      666       11         0
                text12                              4BA      4BA       46         0
                text11                              546      546       3C         0
                text10                              2AD      2AD       6E         0
                text9                               5DC      5DC       24         0
                text8                               622      622       22         0
                text7                               388      388       5C         0
                text6                               5AF      5AF       2D         0
                text5                               600      600       22         0
                text4                               582      582       2D         0
                text3                               3E4      3E4       48         0
                text2                               473      473       47         0
                text1                               42C      42C       47         0
                maintext                             50       50      145         0
                clrtext                             685      685        8         0
                idataBANK0                          68D      68D        6         0

        CLASS   STRCODE        

        CLASS   STRING         
                strings                             232      232       7B         0

        CLASS   CONST          

        CLASS   ENTRY          

        CLASS   COMMON         
                cstackCOMMON                         70       70        5         1
                bssCOMMON                            75       75        4         1

        CLASS   BANK0          
                cstackBANK0                          20       20       2C         1
                dataBANK0                            5D       5D        6         1
                bssBANK0                             4C       4C       11         1

        CLASS   BANK1          
                bssBANK1                             A0       A0       32         1

        CLASS   BANK2          

        CLASS   BANK3          

        CLASS   RAM            

        CLASS   ABS1           
                abs_s1                               7E       7E        2         1

        CLASS   SFR0           

        CLASS   SFR1           

        CLASS   SFR2           

        CLASS   SFR3           

        CLASS   CONFIG         
                config                             2007     2007        1         4

        CLASS   IDLOC          
                idloc                              2000     2000        4         5

        CLASS   EEDATA         

        CLASS   STACK          



SEGMENTS        Name                           Load    Length   Top    Selector   Space  Class     Delta

                reset_vec                      000000  000003  000003         0       0  CODE        2
                intentry                       000004  00022E  000232         8       0  CODE        2
                cstackBANK0                    000020  000043  000063        20       1  BANK0       1
                cstackCOMMON                   000070  000009  000079        70       1  COMMON      1
                bssBANK1                       0000A0  000032  0000D2        A0       1  BANK1       1
                strings                        000232  00007B  0002AD       464       0  STRING      2
                text10                         0002AD  0003E6  000693       55A       0  CODE        2


UNUSED ADDRESS RANGES

        Name                Unused          Largest block    Delta
        BANK0            0063-006F              D           1
        BANK1            00D2-00EF             1E           1
        BANK2            0110-016F             60           1
        BANK3            0190-01EF             60           1
        CODE             0003-0003              1           2
                         0693-1FFF            800
        COMMON           0079-007D              5           1
        CONST            0003-0003              1           2
                         0693-1FFF            100
        EEDATA           2100-21FF            100           2
        ENTRY            0003-0003              1           2
                         0693-1FFF            100
        RAM              0063-006F              D           1
                         00D2-00EF             1E
                         0110-016F             60
                         0190-01EF             60
        SFR0             0000-001F             20           1
        SFR1             0080-009F             20           1
        SFR2             0100-010F             10           1
        SFR3             0180-018F             10           1
        STRCODE          0003-0003              1           2
                         0693-1FFF           196D
        STRING           0003-0003              1           2
                         0693-1FFF            100

                                  Symbol Table

?___aldiv                     cstackBANK0  0020
?___lmul                      cstackBANK0  0020
?___lwdiv                     cstackBANK0  0020
?___lwmod                     cstackBANK0  0034
?_rand                        cstackBANK0  002D
UART_TxChar@ch                cstackBANK0  0021
UART_TxString@i               cstackBANK0  0024
UART_TxString@str             cstackBANK0  0023
UART_init@baudrate            cstackBANK0  002F
_INTCON                       (abs)        000B
_ISR                          text18       031B
_OPTION_REG                   (abs)        0081
_PIE1                         (abs)        008C
_PIR1                         (abs)        000C
_PORTB                        (abs)        0006
_PORTD                        (abs)        0008
_PORTEbits                    (abs)        0009
_RCIF                         (abs)        0065
_RCREG                        (abs)        001A
_RCSTA                        (abs)        0018
_SPBRG                        (abs)        0099
_TMR0                         (abs)        0001
_TRISB                        (abs)        0086
_TRISC                        (abs)        0087
_TRISD                        (abs)        0088
_TRISE                        (abs)        0089
_TRISEbits                    (abs)        0089
_TXREG                        (abs)        0019
_TXSTA                        (abs)        0098
_UART_TxChar                  text17       0677
_UART_TxString                text16       0644
_UART_init                    text14       0500
__Habs1                       abs1         0000
__Hbank0                      bank0        0000
__Hbank1                      bank1        0000
__Hbank2                      bank2        0000
__Hbank3                      bank3        0000
__HbssBANK0                   bssBANK0     0000
__HbssBANK1                   bssBANK1     0000
__HbssCOMMON                  bssCOMMON    0000
__Hcinit                      cinit        0050
__Hclrtext                    clrtext      0000
__Hcode                       code         0000
__Hcommon                     common       0000
__Hconfig                     config       2008
__HcstackBANK0                cstackBANK0  0000
__HcstackCOMMON               cstackCOMMON 0000
__HdataBANK0                  dataBANK0    0000
__Heeprom_data                eeprom_data  0000
__Hend_init                   end_init     0013
__Hfunctab                    functab      0000
__HidataBANK0                 idataBANK0   0000
__Hidloc                      idloc        2004
__Hinit                       init         0010
__Hintentry                   intentry     0010
__Hmaintext                   maintext     0000
__Hpowerup                    powerup      0000
__Hram                        ram          0000
__Hreset_vec                  reset_vec    0003
__Hsfr0                       sfr0         0000
__Hsfr1                       sfr1         0000
__Hsfr2                       sfr2         0000
__Hsfr3                       sfr3         0000
__Hspace_0                    (abs)        0693
__Hspace_1                    (abs)        00D2
__Hspace_2                    (abs)        0000
__Hspace_3                    (abs)        0000
__Hspace_4                    (abs)        400F
__Hstack                      stack        0000
__Hstrings                    strings      0000
__Htext                       text         0000
__Labs1                       abs1         0000
__Lbank0                      bank0        0000
__Lbank1                      bank1        0000
__Lbank2                      bank2        0000
__Lbank3                      bank3        0000
__LbssBANK0                   bssBANK0     0000
__LbssBANK1                   bssBANK1     0000
__LbssCOMMON                  bssCOMMON    0000
__Lcinit                      cinit        0013
__Lclrtext                    clrtext      0000
__Lcode                       code         0000
__Lcommon                     common       0000
__Lconfig                     config       0000
__LcstackBANK0                cstackBANK0  0000
__LcstackCOMMON               cstackCOMMON 0000
__LdataBANK0                  dataBANK0    0000
__Leeprom_data                eeprom_data  0000
__Lend_init                   end_init     0010
__Lfunctab                    functab      0000
__LidataBANK0                 idataBANK0   0000
__Lidloc                      idloc        0000
__Linit                       init         0010
__Lintentry                   intentry     0004
__Lmaintext                   maintext     0000
__Lpowerup                    powerup      0000
__Lram                        ram          0000
__Lreset_vec                  reset_vec    0000
__Lsfr0                       sfr0         0000
__Lsfr1                       sfr1         0000
__Lsfr2                       sfr2         0000
__Lsfr3                       sfr3         0000
__Lspace_0                    (abs)        0000
__Lspace_1                    (abs)        0000
__Lspace_2                    (abs)        0000
__Lspace_3                    (abs)        0000
__Lspace_4                    (abs)        0000
__Lstack                      stack        0000
__Lstrings                    strings      0000
__Ltext                       text         0000
__S0                          (abs)        0693
__S1                          (abs)        00D2
__S3                          (abs)        0000
___aldiv                      text15       0195
___aldiv@counter              cstackBANK0  0029
___aldiv@dividend             cstackBANK0  0024
___aldiv@divisor              cstackBANK0  0020
___aldiv@quotient             cstackBANK0  002B
___aldiv@sign                 cstackBANK0  002A
___int_sp                     stack        0000
___latbits                    (abs)        0002
___lmul                       text3        03E4
___lmul@multiplicand          cstackBANK0  0024
___lmul@multiplier            cstackBANK0  0020
___lmul@product               cstackBANK0  0029
___lwdiv                      text12       04BA
___lwdiv@counter              cstackBANK0  0025
___lwdiv@dividend             cstackBANK0  0022
___lwdiv@divisor              cstackBANK0  0020
___lwdiv@quotient             cstackBANK0  0026
___lwmod                      text11       0546
___lwmod@counter              cstackBANK0  0039
___lwmod@dividend             cstackBANK0  0036
___lwmod@divisor              cstackBANK0  0034
___sp                         stack        0000
___stackhi                    (abs)        0000
___stacklo                    (abs)        0000
__end_of_ISR                  text18       0388
__end_of_UART_TxChar          text17       0685
__end_of_UART_TxString        text16       0666
__end_of_UART_init            text14       0546
__end_of___aldiv              text15       0232
__end_of___lmul               text3        042C
__end_of___lwdiv              text12       0500
__end_of___lwmod              text11       0582
__end_of__initialization      cinit        004C
__end_of__stringtab           strings      0242
__end_of_colMask              strings      0294
__end_of_initKeyPad           text13       0677
__end_of_itoa                 text9        0600
__end_of_keys                 strings      028D
__end_of_lcd_cmd              text8        0644
__end_of_lcd_dat              text5        0622
__end_of_lcd_init             text7        03E4
__end_of_lcd_send             text6        05DC
__end_of_lcd_str              text4        05AF
__end_of_main                 maintext     0195
__end_of_rand                 text2        04BA
__end_of_random_string        text1        0473
__end_of_rowMask              strings      0291
__end_of_utoa                 text10       031B
__end_ofrandom_string@charset strings      0281
__initialization              cinit        0013
__pbssBANK0                   bssBANK0     004C
__pbssBANK1                   bssBANK1     00A0
__pbssCOMMON                  bssCOMMON    0075
__pcstackBANK0                cstackBANK0  0020
__pcstackCOMMON               cstackCOMMON 0070
__pdataBANK0                  dataBANK0    005D
__pidataBANK0                 idataBANK0   068D
__pintentry                   intentry     0004
__pmaintext                   maintext     0050
__pstrings                    strings      0232
__ptext1                      text1        042C
__ptext10                     text10       02AD
__ptext11                     text11       0546
__ptext12                     text12       04BA
__ptext13                     text13       0666
__ptext14                     text14       0500
__ptext15                     text15       0195
__ptext16                     text16       0644
__ptext17                     text17       0677
__ptext18                     text18       031B
__ptext2                      text2        0473
__ptext3                      text3        03E4
__ptext4                      text4        0582
__ptext5                      text5        0600
__ptext6                      text6        05AF
__ptext7                      text7        0388
__ptext8                      text8        0622
__ptext9                      text9        05DC
__stringbase                  strings      0241
__stringtab                   strings      0232
_buff                         bssBANK0     005B
_code_generate_send           bssBANK0     0051
_colMask                      strings      0291
_colScan                      bssBANK0     004F
_countOn                      bssCOMMON    0075
_countSec                     bssBANK0     004C
_dato                         bssBANK1     00A0
_i                            bssCOMMON    0077
_initKeyPad                   text13       0666
_itoa                         text9        05DC
_keyok                        bssBANK0     0053
_keypressed                   bssBANK0     0054
_lcd_cmd                      text8        0622
_lcd_dat                      text5        0600
_lcd_init                     text7        0388
_lcd_send                     text6        05AF
_lcd_str                      text4        0582
_main                         maintext     0050
_numSec                       dataBANK0    0061
_rand                         text2        0473
_random_string                text1        042C
_randx                        dataBANK0    005D
_received                     bssBANK0     0052
_rowMask                      strings      028D
_rowScan                      bssBANK0     004E
_stop_wait                    bssBANK0     0050
_utoa                         text10       02AD
btemp                         (abs)        007E
clear_ram0                    clrtext      0685
end_of_initialization         cinit        004C
interrupt_function            intentry     0004
intlevel0                     functab      0000
intlevel1                     functab      0000
intlevel2                     functab      0000
intlevel3                     functab      0000
intlevel4                     functab      0000
intlevel5                     functab      0000
itoa@base                     cstackBANK0  0045
itoa@buf                      cstackBANK0  0048
itoa@val                      cstackBANK0  0043
lcd_cmd@val                   cstackBANK0  0022
lcd_dat@val                   cstackBANK0  0022
lcd_send@dato                 cstackBANK0  0023
lcd_send@tipo                 cstackBANK0  0020
lcd_str@i                     cstackBANK0  0026
lcd_str@str                   cstackBANK0  0023
main@code                     cstackBANK0  004B
random_string@charset         strings      0242
random_string@i               cstackBANK0  003D
random_string@index           cstackBANK0  003B
random_string@str             bssBANK0     0055
reset_vec                     reset_vec    0000
saved_w                       (abs)        007E
start                         init         0010
start_initialization          cinit        0013
utoa@base                     cstackBANK0  003C
utoa@buf                      cstackBANK0  0042
utoa@c                        cstackBANK0  0041
utoa@v                        cstackBANK0  003F
utoa@val                      cstackBANK0  003A
wtemp0                        (abs)        007E


MODULE INFORMATION

Module		Function		Class		Link	Load	Size
C:\Program Files\Microchip\xc8\v2.40\pic\sources\c90\common\aldiv.c
		___aldiv       		CODE           	0195	0000	157

C:\Program Files\Microchip\xc8\v2.40\pic\sources\c90\common\aldiv.c estimated size: 157

C:\Program Files\Microchip\xc8\v2.40\pic\sources\c90\common\rand.c
		_rand          		CODE           	0473	0000	71

C:\Program Files\Microchip\xc8\v2.40\pic\sources\c90\common\rand.c estimated size: 71

C:\Program Files\Microchip\xc8\v2.40\pic\sources\c90\common\lwmod.c
		___lwmod       		CODE           	0546	0000	60

C:\Program Files\Microchip\xc8\v2.40\pic\sources\c90\common\lwmod.c estimated size: 60

shared
		random_string@charset		STRING         	0242	0000	63
		__stringtab    		STRING         	0232	0000	16
		_rowMask       		STRING         	028D	0000	4
		_keys          		STRING         	0000	0000	0
		__initialization		CODE           	0013	0000	57
		_colMask       		STRING         	0291	0000	3

shared estimated size: 143

C:\Program Files\Microchip\xc8\v2.40\pic\sources\c90\common\itoa.c
		_itoa          		CODE           	05DC	0000	36
		_utoa          		CODE           	02AD	0000	110

C:\Program Files\Microchip\xc8\v2.40\pic\sources\c90\common\itoa.c estimated size: 146

C:\Program Files\Microchip\xc8\v2.40\pic\sources\c90\common\Umul32.c
		___lmul        		CODE           	03E4	0000	72

C:\Program Files\Microchip\xc8\v2.40\pic\sources\c90\common\Umul32.c estimated size: 72

main.c
		_lcd_send      		CODE           	05AF	0000	45
		_UART_TxString 		CODE           	0644	0000	34
		_lcd_cmd       		CODE           	0622	0000	34
		_ISR           		CODE           	031B	0000	109
		_lcd_dat       		CODE           	0600	0000	34
		_UART_init     		CODE           	0500	0000	70
		_main          		CODE           	0050	0000	325
		_random_string 		CODE           	042C	0000	71
		_lcd_str       		CODE           	0582	0000	45
		_UART_TxChar   		CODE           	0677	0000	14
		_initKeyPad    		CODE           	0666	0000	17
		_lcd_init      		CODE           	0388	0000	92

main.c estimated size: 890

C:\Program Files\Microchip\xc8\v2.40\pic\sources\c90\common\lwdiv.c
		___lwdiv       		CODE           	04BA	0000	70

C:\Program Files\Microchip\xc8\v2.40\pic\sources\c90\common\lwdiv.c estimated size: 70

